Resolving dependencies...
Downloading packages...
  characters 1.4.0 (1.4.1 available)
  code_assets 0.19.10 (1.0.0 available)
  hooks 0.20.5 (1.0.0 available)
  matcher 0.12.17 (0.12.18 available)
  material_color_utilities 0.11.1 (0.13.0 available)
  meta 1.17.0 (1.18.0 available)
  mgrs_dart 2.0.0 (3.0.0 available)
  native_toolchain_c 0.17.2 (0.17.4 available)
  proj4dart 2.1.0 (3.0.0 available)
  sqflite_common_ffi 2.3.7+1 (2.4.0+2 available)
  sqflite_common_ffi_web 1.0.2 (1.1.1 available)
  sqlite3 2.9.4 (3.1.3 available)
  test_api 0.7.7 (0.7.9 available)
  unicode 0.3.1 (1.1.8 available)
Got dependencies!
14 packages have newer versions incompatible with dependency constraints.
Try `flutter pub outdated` for more information.
Analyzing fiscagis...                                           

   info - Don't invoke 'print' in production code - lib\core\services\http_provider.dart:161:5 - avoid_print
   info - Don't invoke 'print' in production code - lib\core\services\http_provider.dart:162:5 - avoid_print
   info - Don't invoke 'print' in production code - lib\core\services\http_provider.dart:163:5 - avoid_print
   info - Don't invoke 'print' in production code - lib\core\services\http_provider.dart:164:5 - avoid_print
   info - Don't invoke 'print' in production code - lib\core\services\http_provider.dart:166:7 - avoid_print
   info - Don't invoke 'print' in production code - lib\core\services\http_provider.dart:168:5 - avoid_print
   info - Don't invoke 'print' in production code - lib\core\services\http_provider.dart:172:5 - avoid_print
   info - Don't invoke 'print' in production code - lib\core\services\http_provider.dart:173:5 - avoid_print
   info - Don't invoke 'print' in production code - lib\core\services\http_provider.dart:174:5 - avoid_print
   info - Don't invoke 'print' in production code - lib\core\services\http_provider.dart:175:5 - avoid_print
   info - Don't invoke 'print' in production code - lib\core\services\http_provider.dart:176:5 - avoid_print
   info - Don't invoke 'print' in production code - lib\core\services\http_provider.dart:180:5 - avoid_print
   info - Don't invoke 'print' in production code - lib\core\services\http_provider.dart:181:5 - avoid_print
   info - Don't invoke 'print' in production code - lib\core\services\http_provider.dart:182:5 - avoid_print
   info - Don't invoke 'print' in production code - lib\core\services\http_provider.dart:183:5 - avoid_print
   info - Don't invoke 'print' in production code - lib\core\services\http_provider.dart:184:5 - avoid_print
warning - The value of the field '_loginController' isn't used - lib\features\auth\login_screen.dart:14:25 - unused_field
warning - Unused import: 'package:fiscagis/features/fiscalizacion/fiscalizacion_screen.dart' - lib\features\dashboard\dashboard_screen.dart:2:8 - unused_import
   info - 'withOpacity' is deprecated and shouldn't be used. Use .withValues() to avoid precision loss - lib\features\dashboard\dashboard_screen.dart:174:32 - deprecated_member_use
warning - Unused import: 'dart:convert' - lib\features\fiscalizacion\data\fiscalizacion_service.dart:1:8 - unused_import
   info - The 'if' statement could be replaced by a null-aware assignment - lib\features\fiscalizacion\data\fiscalizacion_service.dart:97:5 - prefer_conditional_assignment
   info - Statements in an if should be enclosed in a block - lib\features\fiscalizacion\data\fiscalizacion_service.dart:183:52 - curly_braces_in_flow_control_structures
   info - Statements in an if should be enclosed in a block - lib\features\fiscalizacion\data\fiscalizacion_service.dart:184:50 - curly_braces_in_flow_control_structures
  error - The method 'insertOtrasInstalaciones' isn't defined for the type 'LocalDatabase' - lib\features\fiscalizacion\data\fiscalizacion_service.dart:348:25 - undefined_method
  error - The method 'insertDeclaracion' isn't defined for the type 'LocalDatabase' - lib\features\fiscalizacion\data\fiscalizacion_service.dart:363:25 - undefined_method
  error - The method 'insertDiferenciaArea' isn't defined for the type 'LocalDatabase' - lib\features\fiscalizacion\data\fiscalizacion_service.dart:378:25 - undefined_method
warning - Unused import: 'package:flutter/foundation.dart' - lib\features\fiscalizacion\data\local_database.dart:4:8 - unused_import
   info - Don't use 'BuildContext's across async gaps, guarded by an unrelated 'mounted' check - lib\features\fiscalizacion\fiscalizaciones_list_screen.dart:68:24 - use_build_context_synchronously
   info - Don't use 'BuildContext's across async gaps, guarded by an unrelated 'mounted' check - lib\features\fiscalizacion\fiscalizaciones_list_screen.dart:123:48 - use_build_context_synchronously
   info - Don't use 'BuildContext's across async gaps, guarded by an unrelated 'mounted' check - lib\features\fiscalizacion\fiscalizaciones_list_screen.dart:132:36 - use_build_context_synchronously
   info - 'value' is deprecated and shouldn't be used. Use initialValue instead. This will set the initial value for the form field. This feature was deprecated after v3.33.0-1.0.pre - lib\features\fiscalizacion\forms\construccion_dialog.dart:54:15 - deprecated_member_use
   info - 'value' is deprecated and shouldn't be used. Use initialValue instead. This will set the initial value for the form field. This feature was deprecated after v3.33.0-1.0.pre - lib\features\fiscalizacion\forms\construccion_dialog.dart:115:9 - deprecated_member_use
   info - Don't use 'BuildContext's across async gaps - lib\features\fiscalizacion\forms\construccion_form.dart:50:28 - use_build_context_synchronously
   info - The 'child' argument should be last in widget constructor invocations - lib\features\fiscalizacion\forms\construccion_form.dart:65:9 - sort_child_properties_last
warning - The receiver can't be null, so the null-aware operator '?.' is unnecessary - lib\features\fiscalizacion\forms\construccion_form.dart:106:75 - invalid_null_aware_operator
   info - Don't use 'BuildContext's across async gaps - lib\features\fiscalizacion\forms\firma_form.dart:77:30 - use_build_context_synchronously
   info - Don't use 'BuildContext's across async gaps - lib\features\fiscalizacion\forms\foto_form.dart:69:28 - use_build_context_synchronously
   info - 'desiredAccuracy' is deprecated and shouldn't be used. use settings parameter with AndroidSettings, AppleSettings, WebSettings, or LocationSettings - lib\features\fiscalizacion\forms\mapa_form.dart:70:9 - deprecated_member_use
   info - 'timeLimit' is deprecated and shouldn't be used. use settings parameter with AndroidSettings, AppleSettings, WebSettings, or LocationSettings - lib\features\fiscalizacion\forms\mapa_form.dart:71:9 - deprecated_member_use
   info - Don't use 'BuildContext's across async gaps - lib\features\fiscalizacion\forms\mapa_form.dart:78:28 - use_build_context_synchronously
   info - Don't use 'BuildContext's across async gaps - lib\features\fiscalizacion\forms\mapa_form.dart:81:28 - use_build_context_synchronously
   info - 'value' is deprecated and shouldn't be used. Use initialValue instead. This will set the initial value for the form field. This feature was deprecated after v3.33.0-1.0.pre - lib\features\fiscalizacion\forms\predio_form.dart:182:7 - deprecated_member_use

42 issues found. (ran in 5.3s)
